2026-06-21 12:31:53,030 INFO o.a.j.u.JMeterUtils: Setting Locale to en_EN
2026-06-21 12:31:53,044 INFO o.a.j.JMeter: Loading user properties from: /opt/homebrew/Cellar/jmeter/5.6.3/libexec/bin/user.properties
2026-06-21 12:31:53,045 INFO o.a.j.JMeter: Loading system properties from: /opt/homebrew/Cellar/jmeter/5.6.3/libexec/bin/system.properties
2026-06-21 12:31:53,045 INFO o.a.j.JMeter: Setting JMeter property: THREADS=5
2026-06-21 12:31:53,045 INFO o.a.j.JMeter: Setting JMeter property: LOOPS=10
2026-06-21 12:31:53,045 INFO o.a.j.JMeter: Setting JMeter property: user.classpath=jmeter-libs/HdrHistogram-2.1.12.jar:jmeter-libs/bson-4.8.2.jar:jmeter-libs/config-1.4.1.jar:jmeter-libs/java-driver-core-shaded-4.13.0.jar:jmeter-libs/java-driver-shaded-guava-25.1-jre-graal-sub-1.jar:jmeter-libs/metrics-core-4.1.18.jar:jmeter-libs/mongodb-driver-core-4.8.2.jar:jmeter-libs/mongodb-driver-sync-4.8.2.jar:jmeter-libs/native-protocol-1.5.0.jar:jmeter-libs/reactive-streams-1.0.3.jar:mysql-connector-j-8.0.33/mysql-connector-j-8.0.33.jar
2026-06-21 12:31:53,048 INFO o.a.j.JMeter: Copyright (c) 1998-2024 The Apache Software Foundation
2026-06-21 12:31:53,048 INFO o.a.j.JMeter: Version 5.6.3
2026-06-21 12:31:53,048 INFO o.a.j.JMeter: java.version=21.0.11
2026-06-21 12:31:53,048 INFO o.a.j.JMeter: java.vm.name=OpenJDK 64-Bit Server VM
2026-06-21 12:31:53,049 INFO o.a.j.JMeter: os.name=Mac OS X
2026-06-21 12:31:53,049 INFO o.a.j.JMeter: os.arch=aarch64
2026-06-21 12:31:53,049 INFO o.a.j.JMeter: os.version=26.5.1
2026-06-21 12:31:53,049 INFO o.a.j.JMeter: file.encoding=UTF-8
2026-06-21 12:31:53,049 INFO o.a.j.JMeter: java.awt.headless=true
2026-06-21 12:31:53,049 INFO o.a.j.JMeter: Max memory     =1073741824
2026-06-21 12:31:53,049 INFO o.a.j.JMeter: Available Processors =10
2026-06-21 12:31:53,055 INFO o.a.j.JMeter: Default Locale=English (EN)
2026-06-21 12:31:53,055 INFO o.a.j.JMeter: JMeter  Locale=English (EN)
2026-06-21 12:31:53,056 INFO o.a.j.JMeter: JMeterHome=/opt/homebrew/Cellar/jmeter/5.6.3/libexec
2026-06-21 12:31:53,056 INFO o.a.j.JMeter: user.dir  =/Users/hirakjyotitalukdar/College/2nd sem/Advanced Databases/project/ShiftBase
2026-06-21 12:31:53,056 INFO o.a.j.JMeter: PWD       =/Users/hirakjyotitalukdar/College/2nd sem/Advanced Databases/project/ShiftBase
2026-06-21 12:31:53,065 INFO o.a.j.JMeter: IP: 192.168.31.154 Name: Mac.lan FullName: mac.lan
2026-06-21 12:31:53,065 INFO o.a.j.JMeter: user.classpath=jmeter-libs/HdrHistogram-2.1.12.jar:jmeter-libs/bson-4.8.2.jar:jmeter-libs/config-1.4.1.jar:jmeter-libs/java-driver-core-shaded-4.13.0.jar:jmeter-libs/java-driver-shaded-guava-25.1-jre-graal-sub-1.jar:jmeter-libs/metrics-core-4.1.18.jar:jmeter-libs/mongodb-driver-core-4.8.2.jar:jmeter-libs/mongodb-driver-sync-4.8.2.jar:jmeter-libs/native-protocol-1.5.0.jar:jmeter-libs/reactive-streams-1.0.3.jar:mysql-connector-j-8.0.33/mysql-connector-j-8.0.33.jar
2026-06-21 12:31:53,065 INFO o.a.j.JMeter: Adding to classpath and loader: jmeter-libs/HdrHistogram-2.1.12.jar
2026-06-21 12:31:53,065 INFO o.a.j.JMeter: Adding to classpath and loader: jmeter-libs/bson-4.8.2.jar
2026-06-21 12:31:53,066 INFO o.a.j.JMeter: Adding to classpath and loader: jmeter-libs/config-1.4.1.jar
2026-06-21 12:31:53,066 INFO o.a.j.JMeter: Adding to classpath and loader: jmeter-libs/java-driver-core-shaded-4.13.0.jar
2026-06-21 12:31:53,066 INFO o.a.j.JMeter: Adding to classpath and loader: jmeter-libs/java-driver-shaded-guava-25.1-jre-graal-sub-1.jar
2026-06-21 12:31:53,066 INFO o.a.j.JMeter: Adding to classpath and loader: jmeter-libs/metrics-core-4.1.18.jar
2026-06-21 12:31:53,066 INFO o.a.j.JMeter: Adding to classpath and loader: jmeter-libs/mongodb-driver-core-4.8.2.jar
2026-06-21 12:31:53,067 INFO o.a.j.JMeter: Adding to classpath and loader: jmeter-libs/mongodb-driver-sync-4.8.2.jar
2026-06-21 12:31:53,067 INFO o.a.j.JMeter: Adding to classpath and loader: jmeter-libs/native-protocol-1.5.0.jar
2026-06-21 12:31:53,067 INFO o.a.j.JMeter: Adding to classpath and loader: jmeter-libs/reactive-streams-1.0.3.jar
2026-06-21 12:31:53,067 INFO o.a.j.JMeter: Adding to classpath and loader: mysql-connector-j-8.0.33/mysql-connector-j-8.0.33.jar
2026-06-21 12:31:53,083 INFO o.a.j.JMeter: Setting property 'jmeter.reportgenerator.outputdir' to:'/Users/hirakjyotitalukdar/College/2nd sem/Advanced Databases/project/ShiftBase/jmeter_reports'
2026-06-21 12:31:53,084 INFO o.a.j.s.FileServer: Default base='/Users/hirakjyotitalukdar/College/2nd sem/Advanced Databases/project/ShiftBase'
2026-06-21 12:31:53,085 INFO o.a.j.s.FileServer: Set new base='/Users/hirakjyotitalukdar/College/2nd sem/Advanced Databases/project/ShiftBase'
2026-06-21 12:31:53,189 INFO o.a.j.s.SaveService: Testplan (JMX) version: 2.2. Testlog (JTL) version: 2.2
2026-06-21 12:31:53,209 INFO o.a.j.s.SaveService: Using SaveService properties version 5.0
2026-06-21 12:31:53,211 INFO o.a.j.s.SaveService: Using SaveService properties file encoding UTF-8
2026-06-21 12:31:53,212 INFO o.a.j.s.SaveService: Loading file: benchmark_nosql.jmx
2026-06-21 12:31:53,268 INFO o.a.j.JMeter: Creating summariser <summary>
2026-06-21 12:31:53,271 INFO o.a.j.r.d.ReportGenerator: ReportGenerator will use for Parsing the separator: ','
2026-06-21 12:31:53,271 INFO o.a.j.r.d.ReportGenerator: Will generate report at end of test from  results file: results.jtl
2026-06-21 12:31:53,271 INFO o.a.j.r.d.ReportGenerator: Reading report generator properties from: /opt/homebrew/Cellar/jmeter/5.6.3/libexec/bin/reportgenerator.properties
2026-06-21 12:31:53,272 INFO o.a.j.r.d.ReportGenerator: Merging with JMeter properties
2026-06-21 12:31:53,274 INFO o.a.j.r.c.ReportGeneratorConfiguration: Property 'jmeter.reportgenerator.temp_dir' not found, using default value 'temp' instead.
2026-06-21 12:31:53,275 INFO o.a.j.r.c.ReportGeneratorConfiguration: Property 'jmeter.reportgenerator.apdex_per_transaction' not found, using default value 'null' instead.
2026-06-21 12:31:53,281 INFO o.a.j.r.c.ReportGeneratorConfiguration: apdex_per_transaction is empty, not APDEX per transaction customization
2026-06-21 12:31:53,281 INFO o.a.j.r.c.ReportGeneratorConfiguration: Property 'jmeter.reportgenerator.sample_filter' not found, using default value 'null' instead.
2026-06-21 12:31:53,281 INFO o.a.j.r.c.ReportGeneratorConfiguration: Property 'jmeter.reportgenerator.report_title' not found, using default value 'null' instead.
2026-06-21 12:31:53,281 INFO o.a.j.r.c.ReportGeneratorConfiguration: Property 'jmeter.reportgenerator.start_date' not found, using default value 'null' instead.
2026-06-21 12:31:53,281 INFO o.a.j.r.c.ReportGeneratorConfiguration: Property 'jmeter.reportgenerator.end_date' not found, using default value 'null' instead.
2026-06-21 12:31:53,281 INFO o.a.j.r.c.ReportGeneratorConfiguration: Property 'jmeter.reportgenerator.date_format' not found, using default value 'null' instead.
2026-06-21 12:31:53,282 INFO o.a.j.r.c.ReportGeneratorConfiguration: Will use date range start date: null, end date: null
2026-06-21 12:31:53,284 INFO o.a.j.r.c.ReportGeneratorConfiguration: Property 'jmeter.reportgenerator.graph.totalTPS.exclude_controllers' not found, using default value 'false' instead.
2026-06-21 12:31:53,284 INFO o.a.j.r.c.ReportGeneratorConfiguration: Property 'jmeter.reportgenerator.graph.activeThreadsOverTime.exclude_controllers' not found, using default value 'false' instead.
2026-06-21 12:31:53,284 INFO o.a.j.r.c.ReportGeneratorConfiguration: Property 'jmeter.reportgenerator.graph.timeVsThreads.exclude_controllers' not found, using default value 'false' instead.
2026-06-21 12:31:53,284 INFO o.a.j.r.c.ReportGeneratorConfiguration: Property 'jmeter.reportgenerator.graph.responseTimeDistribution.exclude_controllers' not found, using default value 'false' instead.
2026-06-21 12:31:53,284 INFO o.a.j.r.c.ReportGeneratorConfiguration: Property 'jmeter.reportgenerator.graph.transactionsPerSecond.exclude_controllers' not found, using default value 'false' instead.
2026-06-21 12:31:53,284 INFO o.a.j.r.c.ReportGeneratorConfiguration: Property 'jmeter.reportgenerator.graph.responseTimePercentiles.exclude_controllers' not found, using default value 'false' instead.
2026-06-21 12:31:53,284 INFO o.a.j.r.c.ReportGeneratorConfiguration: Property 'jmeter.reportgenerator.graph.responseTimePercentilesOverTime.exclude_controllers' not found, using default value 'false' instead.
2026-06-21 12:31:53,284 INFO o.a.j.r.c.ReportGeneratorConfiguration: Property 'jmeter.reportgenerator.graph.responseTimesOverTime.exclude_controllers' not found, using default value 'false' instead.
2026-06-21 12:31:53,285 INFO o.a.j.r.c.ReportGeneratorConfiguration: Property 'jmeter.reportgenerator.graph.connectTimeOverTime.exclude_controllers' not found, using default value 'false' instead.
2026-06-21 12:31:53,285 INFO o.a.j.r.c.ReportGeneratorConfiguration: Property 'jmeter.reportgenerator.graph.latenciesOverTime.exclude_controllers' not found, using default value 'false' instead.
2026-06-21 12:31:53,285 INFO o.a.j.r.c.ReportGeneratorConfiguration: Property 'jmeter.reportgenerator.exporter.json.filters_only_sample_series' not found, using default value 'true' instead.
2026-06-21 12:31:53,285 INFO o.a.j.r.c.ReportGeneratorConfiguration: Property 'jmeter.reportgenerator.exporter.json.series_filter' not found, using default value '' instead.
2026-06-21 12:31:53,285 INFO o.a.j.r.c.ReportGeneratorConfiguration: Property 'jmeter.reportgenerator.exporter.json.show_controllers_only' not found, using default value 'false' instead.
2026-06-21 12:31:53,285 INFO o.a.j.r.c.ReportGeneratorConfiguration: Property 'jmeter.reportgenerator.exporter.html.filters_only_sample_series' not found, using default value 'true' instead.
2026-06-21 12:31:53,285 INFO o.a.j.r.c.ReportGeneratorConfiguration: Property 'jmeter.reportgenerator.exporter.html.series_filter' not found, using default value '' instead.
2026-06-21 12:31:53,285 INFO o.a.j.r.c.ReportGeneratorConfiguration: Property 'jmeter.reportgenerator.exporter.html.show_controllers_only' not found, using default value 'false' instead.
2026-06-21 12:31:53,293 INFO o.a.j.e.StandardJMeterEngine: Running the test!
2026-06-21 12:31:53,294 INFO o.a.j.s.SampleEvent: List of sample_variables: []
2026-06-21 12:31:53,294 INFO o.a.j.s.SampleEvent: List of sample_variables: []
2026-06-21 12:31:53,296 INFO o.a.j.e.u.CompoundVariable: Note: Function class names must contain the string: '.functions.'
2026-06-21 12:31:53,296 INFO o.a.j.e.u.CompoundVariable: Note: Function class names must not contain the string: '.gui.'
2026-06-21 12:31:53,321 INFO o.a.j.r.ClassFinder: Will scan jar /opt/homebrew/Cellar/jmeter/5.6.3/libexec/lib/ext/jmeter-plugins-manager-1.9.jar with filter ExtendsClassFilter [parents=[interface org.apache.jmeter.functions.Function], inner=false, contains=null, notContains=null]. Consider exposing JMeter plugins via META-INF/services, and add JMeter-Skip-Class-Scanning=true manifest attribute so JMeter can skip classfile scanning
2026-06-21 12:31:53,499 INFO o.a.j.JMeter: Running test (1782025313499)
2026-06-21 12:31:53,510 INFO o.a.j.e.StandardJMeterEngine: Starting ThreadGroup: 1 : MongoDB Benchmark
2026-06-21 12:31:53,511 INFO o.a.j.e.StandardJMeterEngine: Starting 5 threads for group MongoDB Benchmark.
2026-06-21 12:31:53,511 INFO o.a.j.e.StandardJMeterEngine: Thread will continue on error
2026-06-21 12:31:53,511 INFO o.a.j.t.ThreadGroup: Starting thread group... number=1 threads=5 ramp-up=1 delayedStart=false
2026-06-21 12:31:53,514 INFO o.a.j.t.ThreadGroup: Started thread group number 1
2026-06-21 12:31:53,514 INFO o.a.j.e.StandardJMeterEngine: Waiting for thread group: MongoDB Benchmark to finish before starting next group
2026-06-21 12:31:53,515 INFO o.a.j.t.JMeterThread: Thread started: MongoDB Benchmark 1-1
2026-06-21 12:31:53,516 INFO o.a.j.s.SampleResult: Note: Sample TimeStamps are START times
2026-06-21 12:31:53,516 INFO o.a.j.s.SampleResult: sampleresult.default.encoding is set to UTF-8
2026-06-21 12:31:53,516 INFO o.a.j.s.SampleResult: sampleresult.useNanoTime=true
2026-06-21 12:31:53,516 INFO o.a.j.s.SampleResult: sampleresult.nanoThreadSleep=5000
2026-06-21 12:31:53,718 INFO o.a.j.t.JMeterThread: Thread started: MongoDB Benchmark 1-2
2026-06-21 12:31:53,918 INFO o.a.j.t.JMeterThread: Thread started: MongoDB Benchmark 1-3
2026-06-21 12:31:54,009 INFO o.m.d.client: MongoClient with metadata {"driver": {"name": "mongo-java-driver|sync", "version": "4.8.2"}, "os": {"type": "Darwin", "name": "Mac OS X", "architecture": "aarch64", "version": "26.5.1"}, "platform": "Java/Homebrew/21.0.11"} created with settings MongoClientSettings{readPreference=primary, writeConcern=WriteConcern{w=null, wTimeout=null ms, journal=null}, retryWrites=true, retryReads=true, readConcern=ReadConcern{level=null}, credential=null, streamFactoryFactory=null, commandListeners=[], codecRegistry=ProvidersCodecRegistry{codecProviders=[ValueCodecProvider{}, BsonValueCodecProvider{}, DBRefCodecProvider{}, DBObjectCodecProvider{}, DocumentCodecProvider{}, CollectionCodecProvider{}, IterableCodecProvider{}, MapCodecProvider{}, GeoJsonCodecProvider{}, GridFSFileCodecProvider{}, Jsr310CodecProvider{}, JsonObjectCodecProvider{}, BsonCodecProvider{}, EnumCodecProvider{}, com.mongodb.Jep395RecordCodecProvider@682bac84]}, clusterSettings={hosts=[localhost:27017], srvServiceName=mongodb, mode=SINGLE, requiredClusterType=UNKNOWN, requiredReplicaSetName='null', serverSelector='null', clusterListeners='[]', serverSelectionTimeout='30000 ms', localThreshold='30000 ms'}, socketSettings=SocketSettings{connectTimeoutMS=10000, readTimeoutMS=0, receiveBufferSize=0, sendBufferSize=0}, heartbeatSocketSettings=SocketSettings{connectTimeoutMS=10000, readTimeoutMS=10000, receiveBufferSize=0, sendBufferSize=0}, connectionPoolSettings=ConnectionPoolSettings{maxSize=100, minSize=0, maxWaitTimeMS=120000, maxConnectionLifeTimeMS=0, maxConnectionIdleTimeMS=0, maintenanceInitialDelayMS=0, maintenanceFrequencyMS=60000, connectionPoolListeners=[], maxConnecting=2}, serverSettings=ServerSettings{heartbeatFrequencyMS=10000, minHeartbeatFrequencyMS=500, serverListeners='[]', serverMonitorListeners='[]'}, sslSettings=SslSettings{enabled=false, invalidHostNameAllowed=false, context=null}, applicationName='null', compressorList=[], uuidRepresentation=UNSPECIFIED, serverApi=null, autoEncryptionSettings=null, contextProvider=null}
2026-06-21 12:31:54,032 INFO o.m.d.cluster: Monitor thread successfully connected to server with description ServerDescription{address=localhost:27017, type=STANDALONE, state=CONNECTED, ok=true, minWireVersion=0, maxWireVersion=21, maxDocumentSize=16777216, logicalSessionTimeoutMinutes=30, roundTripTimeNanos=19723208}
2026-06-21 12:31:54,118 INFO o.a.j.t.JMeterThread: Thread started: MongoDB Benchmark 1-4
2026-06-21 12:31:54,318 INFO o.a.j.t.JMeterThread: Thread started: MongoDB Benchmark 1-5
2026-06-21 12:31:59,330 INFO o.a.j.t.JMeterThread: Thread is done: MongoDB Benchmark 1-2
2026-06-21 12:31:59,330 INFO o.a.j.t.JMeterThread: Thread is done: MongoDB Benchmark 1-4
2026-06-21 12:31:59,330 INFO o.a.j.t.JMeterThread: Thread finished: MongoDB Benchmark 1-2
2026-06-21 12:31:59,330 INFO o.a.j.t.JMeterThread: Thread finished: MongoDB Benchmark 1-4
2026-06-21 12:31:59,359 INFO o.a.j.t.JMeterThread: Thread is done: MongoDB Benchmark 1-3
2026-06-21 12:31:59,359 INFO o.a.j.t.JMeterThread: Thread finished: MongoDB Benchmark 1-3
2026-06-21 12:31:59,421 INFO o.a.j.t.JMeterThread: Thread is done: MongoDB Benchmark 1-1
2026-06-21 12:31:59,421 INFO o.a.j.t.JMeterThread: Thread finished: MongoDB Benchmark 1-1
2026-06-21 12:31:59,436 INFO o.a.j.t.JMeterThread: Thread is done: MongoDB Benchmark 1-5
2026-06-21 12:31:59,436 INFO o.a.j.t.JMeterThread: Thread finished: MongoDB Benchmark 1-5
2026-06-21 12:31:59,436 INFO o.a.j.e.StandardJMeterEngine: Starting ThreadGroup: 2 : Cassandra Benchmark
2026-06-21 12:31:59,436 INFO o.a.j.e.StandardJMeterEngine: Starting 5 threads for group Cassandra Benchmark.
2026-06-21 12:31:59,436 INFO o.a.j.e.StandardJMeterEngine: Thread will continue on error
2026-06-21 12:31:59,436 INFO o.a.j.t.ThreadGroup: Starting thread group... number=2 threads=5 ramp-up=1 delayedStart=false
2026-06-21 12:31:59,437 INFO o.a.j.t.JMeterThread: Thread started: Cassandra Benchmark 2-1
2026-06-21 12:31:59,438 INFO o.a.j.t.ThreadGroup: Started thread group number 2
2026-06-21 12:31:59,438 INFO o.a.j.e.StandardJMeterEngine: Waiting for thread group: Cassandra Benchmark to finish before starting next group
2026-06-21 12:31:59,623 INFO c.d.o.d.i.c.DefaultMavenCoordinates: DataStax Java driver for Apache Cassandra(R) (com.datastax.oss:java-driver-core-shaded) version 4.13.0
2026-06-21 12:31:59,642 INFO o.a.j.t.JMeterThread: Thread started: Cassandra Benchmark 2-2
2026-06-21 12:31:59,690 INFO c.d.o.d.i.c.o.Native: Unable to load JNR native implementation. This could be normal if JNR is excluded from the classpath
java.lang.NoClassDefFoundError: jnr/posix/POSIXHandler
	at com.datastax.oss.driver.internal.core.os.Native$LibcLoader.load(Native.java:42) ~[java-driver-core-shaded-4.13.0.jar:?]
	at com.datastax.oss.driver.internal.core.os.Native.<clinit>(Native.java:59) ~[java-driver-core-shaded-4.13.0.jar:?]
	at com.datastax.oss.driver.internal.core.time.Clock.getInstance(Clock.java:41) ~[java-driver-core-shaded-4.13.0.jar:?]
	at com.datastax.oss.driver.internal.core.time.MonotonicTimestampGenerator.buildClock(MonotonicTimestampGenerator.java:109) ~[java-driver-core-shaded-4.13.0.jar:?]
	at com.datastax.oss.driver.internal.core.time.MonotonicTimestampGenerator.<init>(MonotonicTimestampGenerator.java:43) ~[java-driver-core-shaded-4.13.0.jar:?]
	at com.datastax.oss.driver.internal.core.time.AtomicTimestampGenerator.<init>(AtomicTimestampGenerator.java:52) ~[java-driver-core-shaded-4.13.0.jar:?]
	at java.base/jdk.internal.reflect.DirectConstructorHandleAccessor.newInstance(DirectConstructorHandleAccessor.java:62) ~[?:?]
	at java.base/java.lang.reflect.Constructor.newInstanceWithCaller(Constructor.java:502) ~[?:?]
	at java.base/java.lang.reflect.Constructor.newInstance(Constructor.java:486) ~[?:?]
	at com.datastax.oss.driver.internal.core.util.Reflection.resolveClass(Reflection.java:329) ~[java-driver-core-shaded-4.13.0.jar:?]
	at com.datastax.oss.driver.internal.core.util.Reflection.buildFromConfig(Reflection.java:235) ~[java-driver-core-shaded-4.13.0.jar:?]
	at com.datastax.oss.driver.internal.core.util.Reflection.buildFromConfig(Reflection.java:110) ~[java-driver-core-shaded-4.13.0.jar:?]
	at com.datastax.oss.driver.internal.core.context.DefaultDriverContext.buildTimestampGenerator(DefaultDriverContext.java:377) ~[java-driver-core-shaded-4.13.0.jar:?]
	at com.datastax.oss.driver.internal.core.util.concurrent.LazyReference.get(LazyReference.java:55) ~[java-driver-core-shaded-4.13.0.jar:?]
	at com.datastax.oss.driver.internal.core.context.DefaultDriverContext.getTimestampGenerator(DefaultDriverContext.java:773) ~[java-driver-core-shaded-4.13.0.jar:?]
	at com.datastax.oss.driver.internal.core.session.DefaultSession$SingleThreaded.init(DefaultSession.java:349) ~[java-driver-core-shaded-4.13.0.jar:?]
	at com.datastax.oss.driver.internal.core.session.DefaultSession$SingleThreaded.access$1100(DefaultSession.java:300) ~[java-driver-core-shaded-4.13.0.jar:?]
	at com.datastax.oss.driver.internal.core.session.DefaultSession.lambda$init$0(DefaultSession.java:146) ~[java-driver-core-shaded-4.13.0.jar:?]
	at com.datastax.oss.driver.shaded.netty.util.concurrent.PromiseTask.runTask(PromiseTask.java:98) ~[java-driver-core-shaded-4.13.0.jar:?]
	at com.datastax.oss.driver.shaded.netty.util.concurrent.PromiseTask.run(PromiseTask.java:106) ~[java-driver-core-shaded-4.13.0.jar:?]
	at com.datastax.oss.driver.shaded.netty.channel.DefaultEventLoop.run(DefaultEventLoop.java:54) ~[java-driver-core-shaded-4.13.0.jar:?]
	at com.datastax.oss.driver.shaded.netty.util.concurrent.SingleThreadEventExecutor$4.run(SingleThreadEventExecutor.java:989) ~[java-driver-core-shaded-4.13.0.jar:?]
	at com.datastax.oss.driver.shaded.netty.util.internal.ThreadExecutorMap$2.run(ThreadExecutorMap.java:74) ~[java-driver-core-shaded-4.13.0.jar:?]
	at com.datastax.oss.driver.shaded.netty.util.concurrent.FastThreadLocalRunnable.run(FastThreadLocalRunnable.java:30) ~[java-driver-core-shaded-4.13.0.jar:?]
	at java.base/java.lang.Thread.run(Thread.java:1583) [?:?]
Caused by: java.lang.ClassNotFoundException: jnr.posix.POSIXHandler
	at java.base/java.net.URLClassLoader.findClass(URLClassLoader.java:445) ~[?:?]
	at java.base/java.lang.ClassLoader.loadClass(ClassLoader.java:593) ~[?:?]
	at java.base/java.lang.ClassLoader.loadClass(ClassLoader.java:526) ~[?:?]
	... 25 more
2026-06-21 12:31:59,692 INFO c.d.o.d.i.c.t.Clock: Could not access native clock (see debug logs for details), falling back to Java system clock
2026-06-21 12:31:59,837 INFO o.a.j.t.JMeterThread: Thread started: Cassandra Benchmark 2-3
2026-06-21 12:32:00,017 INFO o.a.j.r.Summariser: summary +    254 in 00:00:07 =   39.0/s Avg:   111 Min:     2 Max:  1617 Err:     0 (0.00%) Active: 3 Started: 8 Finished: 5
2026-06-21 12:32:00,039 INFO o.a.j.t.JMeterThread: Thread started: Cassandra Benchmark 2-4
2026-06-21 12:32:00,240 INFO o.a.j.t.JMeterThread: Thread started: Cassandra Benchmark 2-5
2026-06-21 12:32:00,303 INFO o.a.j.t.JMeterThread: Thread is done: Cassandra Benchmark 2-2
2026-06-21 12:32:00,303 INFO o.a.j.t.JMeterThread: Thread finished: Cassandra Benchmark 2-2
2026-06-21 12:32:00,304 INFO o.a.j.t.JMeterThread: Thread is done: Cassandra Benchmark 2-3
2026-06-21 12:32:00,304 INFO o.a.j.t.JMeterThread: Thread finished: Cassandra Benchmark 2-3
2026-06-21 12:32:00,306 INFO o.a.j.t.JMeterThread: Thread is done: Cassandra Benchmark 2-1
2026-06-21 12:32:00,306 INFO o.a.j.t.JMeterThread: Thread finished: Cassandra Benchmark 2-1
2026-06-21 12:32:00,310 INFO o.a.j.t.JMeterThread: Thread is done: Cassandra Benchmark 2-4
2026-06-21 12:32:00,310 INFO o.a.j.t.JMeterThread: Thread finished: Cassandra Benchmark 2-4
2026-06-21 12:32:00,373 INFO o.a.j.t.JMeterThread: Thread is done: Cassandra Benchmark 2-5
2026-06-21 12:32:00,373 INFO o.a.j.t.JMeterThread: Thread finished: Cassandra Benchmark 2-5
2026-06-21 12:32:00,373 INFO o.a.j.e.StandardJMeterEngine: Starting ThreadGroup: 3 : MySQL Baseline Benchmark
2026-06-21 12:32:00,373 INFO o.a.j.e.StandardJMeterEngine: Starting 5 threads for group MySQL Baseline Benchmark.
2026-06-21 12:32:00,373 INFO o.a.j.e.StandardJMeterEngine: Thread will continue on error
2026-06-21 12:32:00,373 INFO o.a.j.t.ThreadGroup: Starting thread group... number=3 threads=5 ramp-up=1 delayedStart=false
2026-06-21 12:32:00,373 INFO o.a.j.t.JMeterThread: Thread started: MySQL Baseline Benchmark 3-1
2026-06-21 12:32:00,374 INFO o.a.j.t.ThreadGroup: Started thread group number 3
2026-06-21 12:32:00,374 INFO o.a.j.e.StandardJMeterEngine: Waiting for thread group: MySQL Baseline Benchmark to finish before starting next group
2026-06-21 12:32:00,579 INFO o.a.j.t.JMeterThread: Thread started: MySQL Baseline Benchmark 3-2
2026-06-21 12:32:00,779 INFO o.a.j.t.JMeterThread: Thread started: MySQL Baseline Benchmark 3-3
2026-06-21 12:32:00,975 INFO o.a.j.t.JMeterThread: Thread started: MySQL Baseline Benchmark 3-4
2026-06-21 12:32:01,176 INFO o.a.j.t.JMeterThread: Thread started: MySQL Baseline Benchmark 3-5
2026-06-21 12:32:01,497 INFO o.a.j.t.JMeterThread: Thread is done: MySQL Baseline Benchmark 3-1
2026-06-21 12:32:01,497 INFO o.a.j.t.JMeterThread: Thread finished: MySQL Baseline Benchmark 3-1
2026-06-21 12:32:01,523 INFO o.a.j.t.JMeterThread: Thread is done: MySQL Baseline Benchmark 3-2
2026-06-21 12:32:01,523 INFO o.a.j.t.JMeterThread: Thread finished: MySQL Baseline Benchmark 3-2
2026-06-21 12:32:01,561 INFO o.a.j.t.JMeterThread: Thread is done: MySQL Baseline Benchmark 3-3
2026-06-21 12:32:01,561 INFO o.a.j.t.JMeterThread: Thread finished: MySQL Baseline Benchmark 3-3
2026-06-21 12:32:01,656 INFO o.a.j.t.JMeterThread: Thread is done: MySQL Baseline Benchmark 3-4
2026-06-21 12:32:01,656 INFO o.a.j.t.JMeterThread: Thread finished: MySQL Baseline Benchmark 3-4
2026-06-21 12:32:01,705 INFO o.a.j.t.JMeterThread: Thread is done: MySQL Baseline Benchmark 3-5
2026-06-21 12:32:01,705 INFO o.a.j.t.JMeterThread: Thread finished: MySQL Baseline Benchmark 3-5
2026-06-21 12:32:01,706 INFO o.a.j.e.StandardJMeterEngine: All thread groups have been started
2026-06-21 12:32:01,706 INFO o.a.j.e.StandardJMeterEngine: Starting tearDown thread groups
2026-06-21 12:32:01,706 INFO o.a.j.e.StandardJMeterEngine: Starting tearDown ThreadGroup: 1 : Teardown - Close Connections
2026-06-21 12:32:01,706 INFO o.a.j.e.StandardJMeterEngine: Starting 1 threads for group Teardown - Close Connections.
2026-06-21 12:32:01,706 INFO o.a.j.e.StandardJMeterEngine: Thread will continue on error
2026-06-21 12:32:01,706 INFO o.a.j.t.ThreadGroup: Starting thread group... number=1 threads=1 ramp-up=0 delayedStart=false
2026-06-21 12:32:01,706 INFO o.a.j.t.ThreadGroup: Started thread group number 1
2026-06-21 12:32:01,706 INFO o.a.j.t.JMeterThread: Thread started: Teardown - Close Connections 1-1
2026-06-21 12:32:01,725 INFO o.a.j.p.j.s.J.Close All Connections: MongoDB connection closed.
2026-06-21 12:32:03,810 INFO o.a.j.p.j.s.J.Close All Connections: Cassandra session closed.
2026-06-21 12:32:03,815 INFO o.a.j.p.j.s.J.Close All Connections: MySQL connection closed.
2026-06-21 12:32:03,815 INFO o.a.j.t.JMeterThread: Thread is done: Teardown - Close Connections 1-1
2026-06-21 12:32:03,815 INFO o.a.j.t.JMeterThread: Thread finished: Teardown - Close Connections 1-1
2026-06-21 12:32:03,816 INFO o.a.j.e.StandardJMeterEngine: Notifying test listeners of end of test
2026-06-21 12:32:03,821 INFO o.a.j.r.Summariser: summary +    497 in 00:00:04 =  130.6/s Avg:    15 Min:     0 Max:  2109 Err:     0 (0.00%) Active: 0 Started: 1 Finished: 1
2026-06-21 12:32:03,821 INFO o.a.j.r.Summariser: summary =    751 in 00:00:10 =   72.8/s Avg:    47 Min:     0 Max:  2109 Err:     0 (0.00%)
2026-06-21 12:32:03,821 INFO o.a.j.JMeter: Generating Dashboard
2026-06-21 12:32:03,821 INFO o.a.j.r.d.ReportGenerator: Flushing result collector before report Generation
2026-06-21 12:32:03,829 INFO o.a.j.r.p.NormalizerSampleConsumer: Using format, 'ms', to parse timeStamp field
2026-06-21 12:32:03,894 INFO o.a.j.r.p.AbstractSampleConsumer: class org.apache.jmeter.report.processor.AggregateConsumer#stopProducing(): beginDate produced 0 samples
2026-06-21 12:32:03,894 INFO o.a.j.r.p.AbstractSampleConsumer: class org.apache.jmeter.report.processor.AggregateConsumer#stopProducing(): endDate produced 0 samples
2026-06-21 12:32:03,895 INFO o.a.j.r.p.AbstractSampleConsumer: class org.apache.jmeter.report.processor.ApdexSummaryConsumer#stopProducing(): apdexSummary produced 0 samples
2026-06-21 12:32:03,895 INFO o.a.j.r.p.AbstractSampleConsumer: class org.apache.jmeter.report.processor.RequestsSummaryConsumer#stopProducing(): requestsSummary produced 0 samples
2026-06-21 12:32:03,898 INFO o.a.j.r.p.AbstractSampleConsumer: class org.apache.jmeter.report.processor.StatisticsSummaryConsumer#stopProducing(): statisticsSummary produced 0 samples
2026-06-21 12:32:03,900 INFO o.a.j.r.p.AbstractSampleConsumer: class org.apache.jmeter.report.processor.Top5ErrorsBySamplerConsumer#stopProducing(): top5ErrorsBySampler produced 0 samples
2026-06-21 12:32:03,900 INFO o.a.j.r.p.AbstractSampleConsumer: class org.apache.jmeter.report.processor.ErrorsSummaryConsumer#stopProducing(): errorsSummary produced 0 samples
2026-06-21 12:32:03,900 INFO o.a.j.r.p.AbstractSampleConsumer: class org.apache.jmeter.report.processor.graph.impl.HitsPerSecondGraphConsumer#stopProducing(): hitsPerSecond produced 0 samples
2026-06-21 12:32:03,911 INFO o.a.j.r.p.AbstractSampleConsumer: class org.apache.jmeter.report.processor.graph.impl.LatencyVSRequestGraphConsumer#stopProducing(): latencyVsRequest produced 0 samples
2026-06-21 12:32:03,911 INFO o.a.j.r.p.AbstractSampleConsumer: class org.apache.jmeter.report.processor.graph.impl.SyntheticResponseTimeDistributionGraphConsumer#stopProducing(): syntheticResponseTimeDistribution produced 0 samples
2026-06-21 12:32:03,911 INFO o.a.j.r.p.AbstractSampleConsumer: class org.apache.jmeter.report.processor.graph.impl.BytesThroughputGraphConsumer#stopProducing(): bytesThroughputOverTime produced 0 samples
2026-06-21 12:32:03,911 INFO o.a.j.r.p.AbstractSampleConsumer: class org.apache.jmeter.report.processor.graph.impl.CodesPerSecondGraphConsumer#stopProducing(): codesPerSecond produced 0 samples
2026-06-21 12:32:03,915 INFO o.a.j.r.p.AbstractSampleConsumer: class org.apache.jmeter.report.processor.graph.impl.ResponseTimeVSRequestGraphConsumer#stopProducing(): responseTimeVsRequest produced 0 samples
2026-06-21 12:32:03,915 INFO o.a.j.r.p.AbstractSampleConsumer: class org.apache.jmeter.report.processor.FilterConsumer#stopProducing(): startIntervalControlerFilter produced 5257 samples
2026-06-21 12:32:03,915 INFO o.a.j.r.p.AbstractSampleConsumer: class org.apache.jmeter.report.processor.graph.impl.TotalTPSGraphConsumer#stopProducing(): totalTPS produced 0 samples
2026-06-21 12:32:03,915 INFO o.a.j.r.p.AbstractSampleConsumer: class org.apache.jmeter.report.processor.graph.impl.ActiveThreadsGraphConsumer#stopProducing(): activeThreadsOverTime produced 0 samples
2026-06-21 12:32:03,915 INFO o.a.j.r.p.AbstractSampleConsumer: class org.apache.jmeter.report.processor.graph.impl.TimeVSThreadGraphConsumer#stopProducing(): timeVsThreads produced 0 samples
2026-06-21 12:32:03,916 INFO o.a.j.r.p.AbstractSampleConsumer: class org.apache.jmeter.report.processor.graph.impl.ResponseTimeDistributionGraphConsumer#stopProducing(): responseTimeDistribution produced 0 samples
2026-06-21 12:32:03,916 INFO o.a.j.r.p.AbstractSampleConsumer: class org.apache.jmeter.report.processor.graph.impl.TransactionsPerSecondGraphConsumer#stopProducing(): transactionsPerSecond produced 0 samples
2026-06-21 12:32:03,916 INFO o.a.j.r.p.AbstractSampleConsumer: class org.apache.jmeter.report.processor.graph.impl.ResponseTimePercentilesGraphConsumer#stopProducing(): responseTimePercentiles produced 0 samples
2026-06-21 12:32:03,918 INFO o.a.j.r.p.AbstractSampleConsumer: class org.apache.jmeter.report.processor.graph.impl.ResponseTimePercentilesOverTimeGraphConsumer#stopProducing(): responseTimePercentilesOverTime produced 0 samples
2026-06-21 12:32:03,919 INFO o.a.j.r.p.AbstractSampleConsumer: class org.apache.jmeter.report.processor.graph.impl.ResponseTimeOverTimeGraphConsumer#stopProducing(): responseTimesOverTime produced 0 samples
2026-06-21 12:32:03,919 INFO o.a.j.r.p.AbstractSampleConsumer: class org.apache.jmeter.report.processor.graph.impl.ConnectTimeOverTimeGraphConsumer#stopProducing(): connectTimeOverTime produced 0 samples
2026-06-21 12:32:03,919 INFO o.a.j.r.p.AbstractSampleConsumer: class org.apache.jmeter.report.processor.graph.impl.LatencyOverTimeGraphConsumer#stopProducing(): latenciesOverTime produced 0 samples
2026-06-21 12:32:03,919 INFO o.a.j.r.p.AbstractSampleConsumer: class org.apache.jmeter.report.processor.FilterConsumer#stopProducing(): nameFilter produced 11265 samples
2026-06-21 12:32:03,919 INFO o.a.j.r.p.AbstractSampleConsumer: class org.apache.jmeter.report.processor.FilterConsumer#stopProducing(): dateRangeFilter produced 2253 samples
2026-06-21 12:32:03,919 INFO o.a.j.r.p.AbstractSampleConsumer: class org.apache.jmeter.report.processor.NormalizerSampleConsumer#stopProducing(): normalizer produced 751 samples
2026-06-21 12:32:03,919 INFO o.a.j.r.p.CsvFileSampleSource: produce(): 751 samples produced in 75ms on channel 0
2026-06-21 12:32:03,919 INFO o.a.j.r.d.ReportGenerator: Exporting data using exporter:'json' of className:'org.apache.jmeter.report.dashboard.JsonExporter'
2026-06-21 12:32:03,968 INFO o.a.j.r.d.JsonExporter: Found data for consumer statisticsSummary in context
2026-06-21 12:32:03,968 INFO o.a.j.r.d.JsonExporter: Creating statistics for overall
2026-06-21 12:32:03,968 INFO o.a.j.r.d.JsonExporter: Creating statistics for other transactions
2026-06-21 12:32:03,968 INFO o.a.j.r.d.JsonExporter: Checking output folder
2026-06-21 12:32:03,968 INFO o.a.j.r.d.JsonExporter: Writing statistics JSON to /Users/hirakjyotitalukdar/College/2nd sem/Advanced Databases/project/ShiftBase/jmeter_reports/statistics.json
2026-06-21 12:32:03,990 INFO o.a.j.r.d.ReportGenerator: Exporting data using exporter:'html' of className:'org.apache.jmeter.report.dashboard.HtmlTemplateExporter'
2026-06-21 12:32:03,991 INFO o.a.j.r.d.HtmlTemplateExporter: Will generate dashboard in folder: /Users/hirakjyotitalukdar/College/2nd sem/Advanced Databases/project/ShiftBase/jmeter_reports
2026-06-21 12:32:04,056 INFO o.a.j.r.d.HtmlTemplateExporter: Report will be generated in: /Users/hirakjyotitalukdar/College/2nd sem/Advanced Databases/project/ShiftBase/jmeter_reports, creating folder structure
2026-06-21 12:32:04,057 INFO o.a.j.r.d.TemplateVisitor: Copying folder from '/opt/homebrew/Cellar/jmeter/5.6.3/libexec/bin/report-template' to '/Users/hirakjyotitalukdar/College/2nd sem/Advanced Databases/project/ShiftBase/jmeter_reports', got message: /Users/hirakjyotitalukdar/College/2nd sem/Advanced Databases/project/ShiftBase/jmeter_reports, found non empty folder with following content [/Users/hirakjyotitalukdar/College/2nd sem/Advanced Databases/project/ShiftBase/jmeter_reports/statistics.json], will be ignored
2026-06-21 12:32:04,230 INFO o.a.j.JMeter: Dashboard generated
